// Jest Snapshot v1, https://goo.gl/fbAQLP

exports[`GraphAppBase passes connection state and connection details to render prop 1`] = `
<div>
  Hello from render props (spy)
</div>
`;

exports[`GraphAppBase renders 1`] = `
<div>
  Hello from render prop
</div>
`;
